***********************************************************************
*
*	CODE GENERATION LISTING FOR: Oklahoma_HMI
*	COMPILER VERSION: 2.2.0
*
***********************************************************************

***********************************************************************
UNUSED FUNCTIONS:

	BITTOWORD
	BITTOBYTE
	BYTETOWORD
	F_MATRIXREADBYTE
***********************************************************************

***********************************************************************
UNUSED FUNCTION BLOCKS:

	PULSE
	FF_D
	BYTETOBIT
	WORDTOBIT
	WORDTOBYTE
	CTD
	CTD_DINT
	CTD_UDINT
	CTU
	CTU_DINT
	CTU_UDINT
	CTUD
	CTUD_DINT
	CTUD_UDINT
	TOF
	TON
	TP
	SR
	RS
	R_TRIG
	F_TRIG
	YEARLYEVENT
	WEEKSCHEDULE
	THREEPOINTACTUATOR
	STEPCONTROLLERANALOG
	PIDAUTOTUNING
	PIDADVANCED
	OPERATINGHOURS
	DAYLIGHTSAVING
	FB_SETMASKINGPATTERN
	FB_SETFORMATINFOPATTERN
	FB_SETFINDERPATTERN
	FB_SETBITSTREAM
	FB_SETALIGNMENTPATTERN
	FB_MATRIXWRITEBYTE
	FB_GETRSCODEWORD
	QRCODEGENERATOR
	ECFANMGMT
	PSYCHROMETRIC
	AHUTEMPCNTRLSTRATEGY
	AHUPLANTMODESTRATEGY
	REDUNDANTPUMPCNTRL
	COPCALCULATION
	THERMALPOWERCALCULATION
	PULSE2COUNTER
	COUNTER2ENERGY
	FLOATINGHIGHPRESCNTRL
	COMPMGMTVS
	THERMALPOWER_ENTHALPY
	DOUBLEINTERPO_5X8
	FLUID_DENSITY
	FLUID_ENTHALPY
	TEMP2PRESS
	PRESS2TEMP
	FANMGMT
	COMPMGMT
	COMPCNTRL_SLIDER
	COMPCNTRL_VS
	COMPCNTRL_ONOFF
	COMPAPPLIMIT
	COMPALARMMGMT
	ATV71MODBUSCOM
	ATV61MODBUSCOM
	ATV32MODBUSCOM
	ATV31MODBUSCOM
	ATV312MODBUSCOM
	ATV21MODBUSCOM
	ATV212MODBUSCOM
	ATV12MODBUSCOM
	AUXPUMPCTRL
	CAVTPROT
	COMPSP
	COMPSPFLOW
	DEVSWCPUMPCTRL
	FSPUMPCTRL
	OPINTAUXPUMP
	OPINTPUMP
	OPPRTY
	PID_PARA_CHECK
	PIPEFILL
	PUMPAVAI
	PUMPFBCKMAPP
	PUMPPID
	PUMPPIDSTAG
	VSDAVAI
	VSDCTRL
	VSDNU
	VSPUMPCTRL
***********************************************************************

**************************************************
	CODE GENERATOR SUBROUTINES
**************************************************

$$MOD:
A1801E00  FB90 F3F1		sdiv r3, r0, r1
A1801E04  4359     		mul r1, r1, r3
A1801E06  EBC1 0000		rsb r0, r1, r0
A1801E0A  4770     		bx lr

$$MOD_U:
A1801E0C  FBB0 F3F1		udiv r3, r0, r1
A1801E10  4359     		mul r1, r1, r3
A1801E12  EBC1 0000		rsb r0, r1, r0
A1801E16  4770     		bx lr

**************************************************
	List program: INITPARDB
**************************************************

PROGRAM INITPARDB

        VAR
WARNINGSKILLER : USINT;
DUMMYCRC32 : UDINT;
	END_VAR

END_PROGRAM

A1801E20  E92D 4DF0		stmdb sp!, { r4, r5, r6, r7, r8, r10, fp, lr }

#0		{SRC:INITPARDB}
#1
#2
#3
#4		{L:3}
(*) UDINT
A1801E24  F8DF 7038		ldr r7, [pc, #+56] ; 0xA1801DFC
A1801E28  6838     		ldr r0, [r7]
A1801E2A  F8DF 7038		ldr r7, [pc, #+56] ; 0xA1A0000C
A1801E2E  6038     		str r0, [r7]

#5
#6
#7		{L:5}
(*) UDINT
A1801E30  F8DF 0028		ldr r0, [pc, #+40] ; 0xA1801324

#8		{L:5}
(*) DWORD
A1801E34  F8DF 7034		ldr r7, [pc, #+52] ; 0xA1A00020
A1801E38  6038     		str r0, [r7]

#9		{L:5}
(*) UNDEF
A1801E3A  F8DF 7030		ldr r7, [pc, #+48] ; 0xA1A00020
A1801E3E  6838     		ldr r0, [r7]

#10		{L:5}
(-) @UNDEF
A1801E40  2107     		mov r1, #7 ; 7
A1801E42  4600     		mov r0, r0
A1801E44  F8DF 4028		ldr r4, [pc, #+40] ; 0x11BD3
A1801E48  F044 0401		orr r4, r4, #1
A1801E4C  47A0     		blx r4

#11		{L:5}
(*) USINT
A1801E4E  F8DF 7018		ldr r7, [pc, #+24] ; 0xA1A00014
A1801E52  7038     		strb r0, [r7]

A1801E54  E8BD 4DF0		ldmia sp!, { r4, r5, r6, r7, r8, r10, fp, lr }

A1801E58  4770     		bx lr

A1801E5C  A1801324		; 0xA1801324
A1801E60  A1801DFC		; 0xA1801DFC
A1801E64  A1A0000C		; 0xA1A0000C
A1801E68  A1A00014		; 0xA1A00014
A1801E6C  A1A00020		; 0xA1A00020
A1801E70  FFFFFFFF		; 0x00011BD3

END_PROGRAM


**************************************************
	Target variable image generation
**************************************************


*** INPUT:
A1801E74  4770     		bx lr


*** OUTPUT:
A1801E76  4770     		bx lr



**************************************************
	Task SERV init code
**************************************************

A1801E78  E92D 4DF0		stmdb sp!, { r4, r5, r6, r7, r8, r10, fp, lr }

A1801E7C  E8BD 4DF0		ldmia sp!, { r4, r5, r6, r7, r8, r10, fp, lr }

A1801E80  4770     		bx lr

**************************************************
	List program: ALARM_CALCULATION
**************************************************

PROGRAM ALARM_CALCULATION

END_PROGRAM

A1801E90  E92D 4DF0		stmdb sp!, { r4, r5, r6, r7, r8, r10, fp, lr }

END_PROGRAM
**************************************************
	List program: ALARM_LATCHES
**************************************************

PROGRAM ALARM_LATCHES

END_PROGRAM

#0		{SRC:ALARM_LATCHES}
#1
#2
#3
#4		{R:1$0}
(*) UNDEF
A1801E94  F8DF 7040		ldr r7, [pc, #+64] ; 0xA0001760
A1801E98  7838     		ldrb r0, [r7]

#5		{R:1$2}
(*) BOOL
A1801E9A  2800     		cmp r0, #0
A1801E9C  D009     		beq #0x000012
A1801E9E  B082     		sub sp, sp, #8
A1801EA0  F8CD 0000		str r0, [sp]
A1801EA4  2001     		mov r0, #1
A1801EA6  F8DF 7038		ldr r7, [pc, #+56] ; 0xA0003E70
A1801EAA  7038     		strb r0, [r7]
A1801EAC  F8DD 0000		ldr r0, [sp]
A1801EB0  B002     		add sp, sp, #8

#6
#7
#8		{R:2$0}
(*) UNDEF
A1801EB2  F8DF 7028		ldr r7, [pc, #+40] ; 0xA0001762
A1801EB6  7838     		ldrb r0, [r7]

#9		{R:2$1}
(*) BOOL
A1801EB8  2800     		cmp r0, #0
A1801EBA  D009     		beq #0x000012
A1801EBC  B082     		sub sp, sp, #8
A1801EBE  F8CD 0000		str r0, [sp]
A1801EC2  2000     		mov r0, #0
A1801EC4  F8DF 7018		ldr r7, [pc, #+24] ; 0xA0003E70
A1801EC8  7038     		strb r0, [r7]
A1801ECA  F8DD 0000		ldr r0, [sp]
A1801ECE  B002     		add sp, sp, #8

A1801ED0  E8BD 4DF0		ldmia sp!, { r4, r5, r6, r7, r8, r10, fp, lr }

A1801ED4  4770     		bx lr

A1801ED8  FFFFFFFF		; 0xA0001760
A1801EDC  FFFFFFFF		; 0xA0001762
A1801EE0  FFFFFFFF		; 0xA0003E70

END_PROGRAM


**************************************************
	Target variable image generation
**************************************************


*** INPUT:
A1801EE4  4770     		bx lr


*** OUTPUT:
A1801EE6  4770     		bx lr



**************************************************
	Task BACKGROUND init code
**************************************************

A1801EE8  E92D 4DF0		stmdb sp!, { r4, r5, r6, r7, r8, r10, fp, lr }

A1801EEC  E8BD 4DF0		ldmia sp!, { r4, r5, r6, r7, r8, r10, fp, lr }

A1801EF0  4770     		bx lr

**************************************************
	List program: PARCHECK
**************************************************

PROGRAM PARCHECK

END_PROGRAM

A1801F10  E92D 4DF0		stmdb sp!, { r4, r5, r6, r7, r8, r10, fp, lr }

#0		{SRC:PARCHECK}
#1
#2
#3
#4
#5		{L:2}
(*) UNDEF
A1801F14  F8DF 702C		ldr r7, [pc, #+44] ; 0x10000182
A1801F18  8838     		ldrh r0, [r7]

#6		{L:2}
(*) UINT
A1801F1A  F44F 477C		mov r7, #64512 ; 64512
A1801F1E  4038     		and r0, r0, r7

#7		{L:2}
(*) UINT
A1801F20  F44F 6700		mov r7, #2048 ; 2048
A1801F24  42B8     		cmp r0, r7
A1801F26  BF08 2000		eqmov r0, #0
A1801F2A  BF18 2001		nemov r0, #1

#8		{L:2}
(-) BOOL
A1801F2E  2800     		cmp r0, #0
A1801F30  D005     		beq #10 ; 0xA1801F3E


#9
#10
#11
#12
#13
#14		{L:3}
(-) UNDEF
A1801F34  2001     		mov r0, #1 ; 1

#15		{L:3}
(-) BOOL
A1801F36  2800     		cmp r0, #0
A1801F38  D001     		beq #2 ; 0xA1801F3E


#16
#17
#18
(-) BOOL
A1801F3C  E7FA     		b #-12 ; 0xA1801F34

A1801F3E  E8BD 4DF0		ldmia sp!, { r4, r5, r6, r7, r8, r10, fp, lr }

A1801F42  4770     		bx lr

A1801F44  FFFFFFFF		; 0x10000182

END_PROGRAM


**************************************************
	Target variable image generation
**************************************************


*** INPUT:
A1801F48  4770     		bx lr


*** OUTPUT:
A1801F4A  4770     		bx lr



**************************************************
	Task INIT init code
**************************************************

A1801F4C  E92D 4DF0		stmdb sp!, { r4, r5, r6, r7, r8, r10, fp, lr }

A1801F50  E8BD 4DF0		ldmia sp!, { r4, r5, r6, r7, r8, r10, fp, lr }

A1801F54  4770     		bx lr


**************************************************
VIRTUAL TABLES:

--------------------------------------------------------
VIRTUAL TABLES INDEXES
--------------------------------------------------------


**************************************************
	Global init code
**************************************************

A1801F60  E92D 4DF0		stmdb sp!, { r4, r5, r6, r7, r8, r10, fp, lr }

A1801F64  E8BD 4DF0		ldmia sp!, { r4, r5, r6, r7, r8, r10, fp, lr }

A1801F68  4770     		bx lr



**************************************************
	Global RETAIN init code
**************************************************

A1801F6A  E92D 4DF0		stmdb sp!, { r4, r5, r6, r7, r8, r10, fp, lr }

A1801F6E  E8BD 4DF0		ldmia sp!, { r4, r5, r6, r7, r8, r10, fp, lr }

A1801F72  4770     		bx lr



********************************************
MEMORY MAP
********************************************

Code area type:			main code
Start code area:		A1800000h
End code area:			A1801F80h
Code size:			    1F80h

Start local data area:		A1A00000h
End local data area:		A1A00024h
Local data size:		      24h

Start retentive data area:	       0h
End retentive data area:	       0h
Retentive data size:		       0h

Start bit data area:		       0h
End bit data area:		       0h
Bit data size:			       0h



********************************************
CODE ID:                                C2266ADB
DEBUG MEMO ID:                          A180B976
FULL MEMO ID:                           0000FDFA
********************************************
