// Jest Snapshot v1, https://goo.gl/fbAQLP

exports[`BaseSideBarContent component Should match snapshot 1`] = `
ShallowWrapper {
  Symbol(enzyme.__root__): [Circular],
  Symbol(enzyme.__unrendered__): <BaseSideBarContent
    changePointGroup={[MockFunction]}
    groups={
      Array [
        Object {
          "id": 1,
          "name": "test",
        },
        Object {
          "id": 2,
          "name": "test2",
        },
      ]
    }
  />,
  Symbol(enzyme.__renderer__): Object {
    "batchedUpdates": [Function],
    "getNode": [Function],
    "render": [Function],
    "simulateError": [Function],
    "simulateEvent": [Function],
    "unmount": [Function],
  },
  Symbol(enzyme.__node__): Object {
    "instance": null,
    "key": undefined,
    "nodeType": "host",
    "props": Object {
      "children": Array [
        <ForwardRef>
          Groups
        </ForwardRef>,
        <ForwardRef>
          <ForwardRef
            onClick={[Function]}
          >
            test
          </ForwardRef>
          <ForwardRef
            onClick={[Function]}
          >
            test2
          </ForwardRef>
        </ForwardRef>,
        <Connect(BaseMultiSelectedChartsMenu) />,
      ],
    },
    "ref": null,
    "rendered": Array [
      Object {
        "instance": null,
        "key": undefined,
        "nodeType": "function",
        "props": Object {
          "children": "Groups",
        },
        "ref": null,
        "rendered": "Groups",
        "type": Object {
          "$$typeof": Symbol(react.forward_ref),
          "attrs": undefined,
          "componentStyle": ComponentStyle {
            "componentId": "ListHeader-ceem0n-0",
            "isStatic": false,
            "rules": Array [
              "-moz-box-sizing:border-box;-webkit-box-sizing:border-box;box-sizing:border-box;top:0;left:0;background-color:",
              [Function],
              ";color:",
              [Function],
              ";border:none;width:100%;height:41px;line-height:41px;vertical-align:middle;padding-left:10px;",
            ],
          },
          "displayName": "ListHeader",
          "render": [Function],
          "styledComponentId": "ListHeader-ceem0n-0",
          "target": "div",
          "toString": [Function],
          "warnTooManyClasses": [Function],
          "withComponent": [Function],
        },
      },
      Object {
        "instance": null,
        "key": undefined,
        "nodeType": "function",
        "props": Object {
          "children": Array [
            <ForwardRef
              onClick={[Function]}
            >
              test
            </ForwardRef>,
            <ForwardRef
              onClick={[Function]}
            >
              test2
            </ForwardRef>,
          ],
        },
        "ref": null,
        "rendered": Array [
          Object {
            "instance": null,
            "key": "1",
            "nodeType": "function",
            "props": Object {
              "children": "test",
              "onClick": [Function],
            },
            "ref": null,
            "rendered": "test",
            "type": Object {
              "$$typeof": Symbol(react.forward_ref),
              "attrs": undefined,
              "componentStyle": ComponentStyle {
                "componentId": "ListItem-sc-1v9ift-0",
                "isStatic": false,
                "rules": Array [
                  "box-sizing:border-box;width:90%;margin-top:5px;padding:10px;border-radius:2px;border:none;background-color:",
                  [Function],
                  ";color:",
                  [Function],
                  ";display:inline-block;cursor:pointer;opacity:1;&:hover{opacity:0.95;}&:active{box-shadow:none;opacity:0.85;}",
                ],
              },
              "displayName": "ListItem",
              "render": [Function],
              "styledComponentId": "ListItem-sc-1v9ift-0",
              "target": "div",
              "toString": [Function],
              "warnTooManyClasses": [Function],
              "withComponent": [Function],
            },
          },
          Object {
            "instance": null,
            "key": "2",
            "nodeType": "function",
            "props": Object {
              "children": "test2",
              "onClick": [Function],
            },
            "ref": null,
            "rendered": "test2",
            "type": Object {
              "$$typeof": Symbol(react.forward_ref),
              "attrs": undefined,
              "componentStyle": ComponentStyle {
                "componentId": "ListItem-sc-1v9ift-0",
                "isStatic": false,
                "rules": Array [
                  "box-sizing:border-box;width:90%;margin-top:5px;padding:10px;border-radius:2px;border:none;background-color:",
                  [Function],
                  ";color:",
                  [Function],
                  ";display:inline-block;cursor:pointer;opacity:1;&:hover{opacity:0.95;}&:active{box-shadow:none;opacity:0.85;}",
                ],
              },
              "displayName": "ListItem",
              "render": [Function],
              "styledComponentId": "ListItem-sc-1v9ift-0",
              "target": "div",
              "toString": [Function],
              "warnTooManyClasses": [Function],
              "withComponent": [Function],
            },
          },
        ],
        "type": Object {
          "$$typeof": Symbol(react.forward_ref),
          "attrs": undefined,
          "componentStyle": ComponentStyle {
            "componentId": "CenteredContent-ys47ff-0",
            "isStatic": true,
            "rules": Array [
              "text-align:center;",
            ],
          },
          "displayName": "CenteredContent",
          "render": [Function],
          "styledComponentId": "CenteredContent-ys47ff-0",
          "target": "div",
          "toString": [Function],
          "warnTooManyClasses": [Function],
          "withComponent": [Function],
        },
      },
      Object {
        "instance": null,
        "key": undefined,
        "nodeType": "class",
        "props": Object {},
        "ref": null,
        "rendered": null,
        "type": [Function],
      },
    ],
    "type": "div",
  },
  Symbol(enzyme.__nodes__): Array [
    Object {
      "instance": null,
      "key": undefined,
      "nodeType": "host",
      "props": Object {
        "children": Array [
          <ForwardRef>
            Groups
          </ForwardRef>,
          <ForwardRef>
            <ForwardRef
              onClick={[Function]}
            >
              test
            </ForwardRef>
            <ForwardRef
              onClick={[Function]}
            >
              test2
            </ForwardRef>
          </ForwardRef>,
          <Connect(BaseMultiSelectedChartsMenu) />,
        ],
      },
      "ref": null,
      "rendered": Array [
        Object {
          "instance": null,
          "key": undefined,
          "nodeType": "function",
          "props": Object {
            "children": "Groups",
          },
          "ref": null,
          "rendered": "Groups",
          "type": Object {
            "$$typeof": Symbol(react.forward_ref),
            "attrs": undefined,
            "componentStyle": ComponentStyle {
              "componentId": "ListHeader-ceem0n-0",
              "isStatic": false,
              "rules": Array [
                "-moz-box-sizing:border-box;-webkit-box-sizing:border-box;box-sizing:border-box;top:0;left:0;background-color:",
                [Function],
                ";color:",
                [Function],
                ";border:none;width:100%;height:41px;line-height:41px;vertical-align:middle;padding-left:10px;",
              ],
            },
            "displayName": "ListHeader",
            "render": [Function],
            "styledComponentId": "ListHeader-ceem0n-0",
            "target": "div",
            "toString": [Function],
            "warnTooManyClasses": [Function],
            "withComponent": [Function],
          },
        },
        Object {
          "instance": null,
          "key": undefined,
          "nodeType": "function",
          "props": Object {
            "children": Array [
              <ForwardRef
                onClick={[Function]}
              >
                test
              </ForwardRef>,
              <ForwardRef
                onClick={[Function]}
              >
                test2
              </ForwardRef>,
            ],
          },
          "ref": null,
          "rendered": Array [
            Object {
              "instance": null,
              "key": "1",
              "nodeType": "function",
              "props": Object {
                "children": "test",
                "onClick": [Function],
              },
              "ref": null,
              "rendered": "test",
              "type": Object {
                "$$typeof": Symbol(react.forward_ref),
                "attrs": undefined,
                "componentStyle": ComponentStyle {
                  "componentId": "ListItem-sc-1v9ift-0",
                  "isStatic": false,
                  "rules": Array [
                    "box-sizing:border-box;width:90%;margin-top:5px;padding:10px;border-radius:2px;border:none;background-color:",
                    [Function],
                    ";color:",
                    [Function],
                    ";display:inline-block;cursor:pointer;opacity:1;&:hover{opacity:0.95;}&:active{box-shadow:none;opacity:0.85;}",
                  ],
                },
                "displayName": "ListItem",
                "render": [Function],
                "styledComponentId": "ListItem-sc-1v9ift-0",
                "target": "div",
                "toString": [Function],
                "warnTooManyClasses": [Function],
                "withComponent": [Function],
              },
            },
            Object {
              "instance": null,
              "key": "2",
              "nodeType": "function",
              "props": Object {
                "children": "test2",
                "onClick": [Function],
              },
              "ref": null,
              "rendered": "test2",
              "type": Object {
                "$$typeof": Symbol(react.forward_ref),
                "attrs": undefined,
                "componentStyle": ComponentStyle {
                  "componentId": "ListItem-sc-1v9ift-0",
                  "isStatic": false,
                  "rules": Array [
                    "box-sizing:border-box;width:90%;margin-top:5px;padding:10px;border-radius:2px;border:none;background-color:",
                    [Function],
                    ";color:",
                    [Function],
                    ";display:inline-block;cursor:pointer;opacity:1;&:hover{opacity:0.95;}&:active{box-shadow:none;opacity:0.85;}",
                  ],
                },
                "displayName": "ListItem",
                "render": [Function],
                "styledComponentId": "ListItem-sc-1v9ift-0",
                "target": "div",
                "toString": [Function],
                "warnTooManyClasses": [Function],
                "withComponent": [Function],
              },
            },
          ],
          "type": Object {
            "$$typeof": Symbol(react.forward_ref),
            "attrs": undefined,
            "componentStyle": ComponentStyle {
              "componentId": "CenteredContent-ys47ff-0",
              "isStatic": true,
              "rules": Array [
                "text-align:center;",
              ],
            },
            "displayName": "CenteredContent",
            "render": [Function],
            "styledComponentId": "CenteredContent-ys47ff-0",
            "target": "div",
            "toString": [Function],
            "warnTooManyClasses": [Function],
            "withComponent": [Function],
          },
        },
        Object {
          "instance": null,
          "key": undefined,
          "nodeType": "class",
          "props": Object {},
          "ref": null,
          "rendered": null,
          "type": [Function],
        },
      ],
      "type": "div",
    },
  ],
  Symbol(enzyme.__options__): Object {
    "adapter": ReactSixteenAdapter {
      "options": Object {
        "enableComponentDidUpdateOnSetState": true,
        "lifecycles": Object {
          "componentDidUpdate": Object {
            "onSetState": true,
          },
          "getDerivedStateFromProps": true,
          "getSnapshotBeforeUpdate": true,
          "setState": Object {
            "skipsComponentDidUpdateOnNullish": true,
          },
        },
      },
    },
  },
}
`;
