***********************************************************************
*
*	CODE GENERATION LISTING FOR: HVAC_Attempt_2
*	COMPILER VERSION: 2.2.0
*
***********************************************************************

***********************************************************************
UNUSED FUNCTIONS:

	BITTOWORD
	BITTOBYTE
	BYTETOWORD
	F_MATRIXREADBYTE
	DEAD_BAND
	SGN
***********************************************************************

***********************************************************************
UNUSED FUNCTION BLOCKS:

	PULSE
	FF_D
	BYTETOBIT
	WORDTOBIT
	WORDTOBYTE
	CTD
	CTD_DINT
	CTD_UDINT
	CTU
	CTU_DINT
	CTU_UDINT
	CTUD
	CTUD_DINT
	CTUD_UDINT
	TOF
	TON
	TP
	SR
	RS
	R_TRIG
	F_TRIG
	YEARLYEVENT
	WEEKSCHEDULE
	THREEPOINTACTUATOR
	STEPCONTROLLERANALOG
	PIDAUTOTUNING
	PIDADVANCED
	OPERATINGHOURS
	DAYLIGHTSAVING
	FB_SETMASKINGPATTERN
	FB_SETFORMATINFOPATTERN
	FB_SETFINDERPATTERN
	FB_SETBITSTREAM
	FB_SETALIGNMENTPATTERN
	FB_MATRIXWRITEBYTE
	FB_GETRSCODEWORD
	QRCODEGENERATOR
	ECFANMGMT
	PSYCHROMETRIC
	AHUTEMPCNTRLSTRATEGY
	AHUPLANTMODESTRATEGY
	REDUNDANTPUMPCNTRL
	COPCALCULATION
	THERMALPOWERCALCULATION
	PULSE2COUNTER
	COUNTER2ENERGY
	FLOATINGHIGHPRESCNTRL
	COMPMGMTVS
	THERMALPOWER_ENTHALPY
	DOUBLEINTERPO_5X8
	FLUID_DENSITY
	FLUID_ENTHALPY
	TEMP2PRESS
	PRESS2TEMP
	FANMGMT
	COMPMGMT
	COMPCNTRL_SLIDER
	COMPCNTRL_VS
	COMPCNTRL_ONOFF
	COMPAPPLIMIT
	COMPALARMMGMT
	ATV71MODBUSCOM
	ATV61MODBUSCOM
	ATV32MODBUSCOM
	ATV31MODBUSCOM
	ATV312MODBUSCOM
	ATV21MODBUSCOM
	ATV212MODBUSCOM
	ATV12MODBUSCOM
	AUXPUMPCTRL
	CAVTPROT
	COMPSP
	COMPSPFLOW
	DEVSWCPUMPCTRL
	FSPUMPCTRL
	OPINTAUXPUMP
	OPINTPUMP
	OPPRTY
	PID_PARA_CHECK
	PIPEFILL
	PUMPAVAI
	PUMPFBCKMAPP
	PUMPPID
	PUMPPIDSTAG
	VSDAVAI
	VSDCTRL
	VSDNU
	VSPUMPCTRL
	FT_INT
	FT_PID
	FT_DERIV
***********************************************************************

**************************************************
	CODE GENERATOR SUBROUTINES
**************************************************

$$MOD:
A1901D80  FB90 F3F1		sdiv r3, r0, r1
A1901D84  4359     		mul r1, r1, r3
A1901D86  EBC1 0000		rsb r0, r1, r0
A1901D8A  4770     		bx lr

$$MOD_U:
A1901D8C  FBB0 F3F1		udiv r3, r0, r1
A1901D90  4359     		mul r1, r1, r3
A1901D92  EBC1 0000		rsb r0, r1, r0
A1901D96  4770     		bx lr

**************************************************
	List function block: HYSTERESIS
**************************************************

FUNCTION_BLOCK HYSTERESIS

        VAR_INPUT
TEMPERATURE : INT;	{ DE:"Analogue Input 1" }
SETPOINT : INT;	{ DE:"Set point" }
DIFFERENTIATION : INT;	{ DE:"Delta" }
	END_VAR

        VAR_OUTPUT
ALARM : BOOL;	{ DE:"Probe Alarm" }
OUTPUT : BOOL;	{ DE:"Actuator" }
	END_VAR

END_FUNCTION_BLOCK

A1901D98  E92D 4040		stmdb sp!, { r6, lr }
A1901D9C  462E     		mov r6, r5

#0		{SRC:HYSTERESIS}
#1
#2
#3
#4
#5		{L:2}
(*) UNDEF
A1901D9E  F9B6 0000		ldrsh r0, [r6]

#6		{L:2}
(*) INT
A1901DA2  B082     		sub sp, sp, #8
A1901DA4  F8CD 0000		str r0, [sp]
A1901DA8  F8DF 7088		ldr r7, [pc, #+136] ; 0x2
A1901DAC  5FF0     		ldrsh r0, [r6, +r7]

#7		{L:2}
(*) INT
A1901DAE  F8DF 7088		ldr r7, [pc, #+136] ; 0x4
A1901DB2  5FF7     		ldrsh r7, [r6, +r7]
A1901DB4  19C0     		add r0, r0, r7

#8		{L:2}
(*) INT
A1901DB6  4607     		mov r7, r0
A1901DB8  F8DD 0000		ldr r0, [sp]
A1901DBC  B002     		add sp, sp, #8
A1901DBE  42B8     		cmp r0, r7
A1901DC0  BFB8 2000		ltmov r0, #0
A1901DC4  BFA8 2001		gemov r0, #1

#9		{L:2}
(-) BOOL
A1901DC8  2800     		cmp r0, #0
A1901DCA  D004     		beq #8 ; 0xA1901DD6


#10
#11
#12
#13
#14		{L:3}
(*) BOOL
A1901DCE  2001     		mov r0, #1 ; 1
A1901DD0  F8DF 706C		ldr r7, [pc, #+108] ; 0x7
A1901DD4  55F0     		strb r0, [r6, +r7]

#15
#16
#17
#18
#19
#20
#21		{L:6}
(*) UNDEF
A1901DD6  F9B6 0000		ldrsh r0, [r6]

#22		{L:6}
(*) INT
A1901DDA  F8DF 7058		ldr r7, [pc, #+88] ; 0x2
A1901DDE  5FF7     		ldrsh r7, [r6, +r7]
A1901DE0  42B8     		cmp r0, r7
A1901DE2  BFA8 2000		gemov r0, #0
A1901DE6  BFB8 2001		ltmov r0, #1

#23		{L:6}
(-) BOOL
A1901DEA  2800     		cmp r0, #0
A1901DEC  D004     		beq #8 ; 0xA1901DF8


#24
#25
#26
#27
#28		{L:7}
(*) BOOL
A1901DF0  2000     		mov r0, #0 ; 0
A1901DF2  F8DF 704C		ldr r7, [pc, #+76] ; 0x7
A1901DF6  55F0     		strb r0, [r6, +r7]

#29
#30
#31
#32
#33
#34
#35		{L:11}
(*) UNDEF
A1901DF8  F9B6 0000		ldrsh r0, [r6]

#36		{L:11}
(*) INT
A1901DFC  F8DF 7030		ldr r7, [pc, #+48] ; 0xA1901418
A1901E00  F9B7 7000		ldrsh r7, [r7]
A1901E04  42B8     		cmp r0, r7
A1901E06  BF18 2000		nemov r0, #0
A1901E0A  BF08 2001		eqmov r0, #1

#37		{L:11}
(-) BOOL
A1901E0E  2800     		cmp r0, #0
A1901E10  D006     		beq #12 ; 0xA1901E20


#38
#39
#40
#41
#42		{L:12}
(*) BOOL
A1901E14  2001     		mov r0, #1 ; 1
A1901E16  F8DF 7024		ldr r7, [pc, #+36] ; 0x6
A1901E1A  55F0     		strb r0, [r6, +r7]

#43
(-) BOOL
A1901E1C  E004     		b #8 ; 0xA1901E28


#44
#45
#46
#47
#48
#49		{L:13}
(*) BOOL
A1901E20  2000     		mov r0, #0 ; 0
A1901E22  F8DF 7018		ldr r7, [pc, #+24] ; 0x6
A1901E26  55F0     		strb r0, [r6, +r7]

A1901E28  E8BD 4040		ldmia sp!, { r6, lr }

A1901E2C  4770     		bx lr

A1901E30  A1901418		; 0xA1901418
A1901E34  00000002		; 0x00000002
A1901E38  00000004		; 0x00000004
A1901E3C  00000006		; 0x00000006
A1901E40  00000007		; 0x00000007


Frame allocation:

	0000       : VAR TEMPERATURE
	0002       : VAR SETPOINT
	0004       : VAR DIFFERENTIATION
	0006 bit  0: VAR ALARM
	0007 bit  0: VAR OUTPUT

END_FUNCTION_BLOCK
**************************************************
	List program: INITPARDB
**************************************************

PROGRAM INITPARDB

        VAR
WARNINGSKILLER : USINT;
DUMMYCRC32 : UDINT;
	END_VAR

END_PROGRAM

A1901E50  E92D 4DF0		stmdb sp!, { r4, r5, r6, r7, r8, r10, fp, lr }

#0		{SRC:INITPARDB}
#1
#2
#3
#4		{L:3}
(*) UDINT
A1901E54  F8DF 7038		ldr r7, [pc, #+56] ; 0xA1901D70
A1901E58  6838     		ldr r0, [r7]
A1901E5A  F8DF 7038		ldr r7, [pc, #+56] ; 0xA1A0000C
A1901E5E  6038     		str r0, [r7]

#5
#6
#7		{L:5}
(*) UDINT
A1901E60  F8DF 0028		ldr r0, [pc, #+40] ; 0xA1901324

#8		{L:5}
(*) DWORD
A1901E64  F8DF 7030		ldr r7, [pc, #+48] ; 0xA1A00010
A1901E68  6038     		str r0, [r7]

#9		{L:5}
(*) UNDEF
A1901E6A  F8DF 702C		ldr r7, [pc, #+44] ; 0xA1A00010
A1901E6E  6838     		ldr r0, [r7]

#10		{L:5}
(-) @UNDEF
A1901E70  2103     		mov r1, #3 ; 3
A1901E72  4600     		mov r0, r0
A1901E74  F8DF 4028		ldr r4, [pc, #+40] ; 0x11BD3
A1901E78  F044 0401		orr r4, r4, #1
A1901E7C  47A0     		blx r4

#11		{L:5}
(*) USINT
A1901E7E  F8DF 701C		ldr r7, [pc, #+28] ; 0xA1A00014
A1901E82  7038     		strb r0, [r7]

A1901E84  E8BD 4DF0		ldmia sp!, { r4, r5, r6, r7, r8, r10, fp, lr }

A1901E88  4770     		bx lr

A1901E8C  A1901324		; 0xA1901324
A1901E90  A1901D70		; 0xA1901D70
A1901E94  A1A0000C		; 0xA1A0000C
A1901E98  A1A00010		; 0xA1A00010
A1901E9C  A1A00014		; 0xA1A00014
A1901EA0  FFFFFFFF		; 0x00011BD3

END_PROGRAM


**************************************************
	Target variable image generation
**************************************************


*** INPUT:
A1901EA4  4770     		bx lr


*** OUTPUT:
A1901EA6  4770     		bx lr



**************************************************
	Task SERV init code
**************************************************

A1901EA8  E92D 4DF0		stmdb sp!, { r4, r5, r6, r7, r8, r10, fp, lr }

A1901EAC  E8BD 4DF0		ldmia sp!, { r4, r5, r6, r7, r8, r10, fp, lr }

A1901EB0  4770     		bx lr

**************************************************
	List program: THERMOSTAT
**************************************************

PROGRAM THERMOSTAT

        VAR
HYSTERSIS_00 : HYSTERESIS;
INPUT_TEMP : INT;
INPUT_SETPOINT : INT;
INPUT_DIFFERENTIATION : INT;
OUTPUT_ALARM : BOOL;
OUTPUT_OUTPUT : BOOL;
	END_VAR

END_PROGRAM

A1901EC0  E92D 4DF0		stmdb sp!, { r4, r5, r6, r7, r8, r10, fp, lr }

#0		{SRC:THERMOSTAT}
#1
#2
#3
#4
#5
#6
#7		{R:"1$FB:HYSTERSIS_00"}
(*) UDINT
A1901EC4  F8DF 708C		ldr r7, [pc, #+140] ; 0xA1A00016
A1901EC8  F9B7 0000		ldrsh r0, [r7]
A1901ECC  F8DF 7088		ldr r7, [pc, #+136] ; 0xA1A00018
A1901ED0  8038     		strh r0, [r7]

#8		{R:"1$FB:HYSTERSIS_00"}
(*) INT
A1901ED2  F8DF 706C		ldr r7, [pc, #+108] ; 0xA0001760
A1901ED6  F9B7 0000		ldrsh r0, [r7]
A1901EDA  F8DF 7080		ldr r7, [pc, #+128] ; 0xA1A0001A
A1901EDE  8038     		strh r0, [r7]

#9		{R:"1$FB:HYSTERSIS_00"}
(*) INT
A1901EE0  F8DF 7060		ldr r7, [pc, #+96] ; 0xA0001762
A1901EE4  F9B7 0000		ldrsh r0, [r7]
A1901EE8  F8DF 7074		ldr r7, [pc, #+116] ; 0xA1A0001C
A1901EEC  8038     		strh r0, [r7]

#10		{R:"1$FB:HYSTERSIS_00"}
(*) INT
A1901EEE  E92D 0021		stmdb sp!, { r0, r5 }
A1901EF2  F8DF 7064		ldr r7, [pc, #+100] ; 0xA1A00018
A1901EF6  463D     		mov r5, r7
A1901EF8  F8DF 4050		ldr r4, [pc, #+80] ; 0xA1901D98
A1901EFC  F044 0401		orr r4, r4, #1
A1901F00  47A0     		blx r4
A1901F02  E8BD 0021		ldmia sp!, { r0, r5 }

#11		{R:"1$FB:HYSTERSIS_00"}
(*) INT
A1901F06  F8DF 705C		ldr r7, [pc, #+92] ; 0xA1A0001E
A1901F0A  7838     		ldrb r0, [r7]
A1901F0C  F8DF 7060		ldr r7, [pc, #+96] ; 0x100004AD
A1901F10  7038     		strb r0, [r7]

#12		{R:"1$FB:HYSTERSIS_00"}
(*) BOOL
A1901F12  F8DF 7054		ldr r7, [pc, #+84] ; 0xA1A0001F
A1901F16  7838     		ldrb r0, [r7]
A1901F18  F8DF 7050		ldr r7, [pc, #+80] ; 0x100004AC
A1901F1C  7038     		strb r0, [r7]

#13
#14
#15
#16
#17
#18
#19		{R:"2$O:1"}
(*) BOOL
A1901F1E  F8DF 7034		ldr r7, [pc, #+52] ; 0xA1A00016
A1901F22  F9B7 0000		ldrsh r0, [r7]
A1901F26  F8DF 7020		ldr r7, [pc, #+32] ; 0xA0003E70
A1901F2A  8038     		strh r0, [r7]

#20
#21
#22
#23
#24
#25
#26		{R:"3$O:1"}
(*) INT
A1901F2C  F8DF 7040		ldr r7, [pc, #+64] ; 0x100004AD
A1901F30  7838     		ldrb r0, [r7]
A1901F32  F8DF 701C		ldr r7, [pc, #+28] ; 0xA1A00015
A1901F36  7038     		strb r0, [r7]

A1901F38  E8BD 4DF0		ldmia sp!, { r4, r5, r6, r7, r8, r10, fp, lr }

A1901F3C  4770     		bx lr

A1901F40  FFFFFFFF		; 0xA0001760
A1901F44  FFFFFFFF		; 0xA0001762
A1901F48  FFFFFFFF		; 0xA0003E70
A1901F4C  A1901D98		; 0xA1901D98
A1901F50  A1A00015		; 0xA1A00015
A1901F54  A1A00016		; 0xA1A00016
A1901F58  A1A00018		; 0xA1A00018
A1901F5C  A1A0001A		; 0xA1A0001A
A1901F60  A1A0001C		; 0xA1A0001C
A1901F64  A1A0001E		; 0xA1A0001E
A1901F68  A1A0001F		; 0xA1A0001F
A1901F6C  FFFFFFFF		; 0x100004AC
A1901F70  FFFFFFFF		; 0x100004AD

END_PROGRAM


**************************************************
	Target variable image generation
**************************************************


*** INPUT:
A1901F74  F8DF 7010		ldr r7, [pc, #+16] ; 0x10000442
A1901F78  8838     		ldrh r0, [r7]
A1901F7A  F8DF 7008		ldr r7, [pc, #+8] ; 0xA1A00016
A1901F7E  8038     		strh r0, [r7]

A1901F80  4770     		bx lr

A1901F84  A1A00016		; 0xA1A00016
A1901F88  FFFFFFFF		; 0x10000442


*** OUTPUT:
A1901F8C  4770     		bx lr



**************************************************
	Task BACKGROUND init code
**************************************************

A1901F8E  E92D 4DF0		stmdb sp!, { r4, r5, r6, r7, r8, r10, fp, lr }

A1901F92  E8BD 4DF0		ldmia sp!, { r4, r5, r6, r7, r8, r10, fp, lr }

A1901F96  4770     		bx lr

**************************************************
	List program: PARCHECK
**************************************************

PROGRAM PARCHECK

END_PROGRAM

A1901FB0  E92D 4DF0		stmdb sp!, { r4, r5, r6, r7, r8, r10, fp, lr }

#0		{SRC:PARCHECK}
#1
#2
#3
#4
#5		{L:2}
(*) UNDEF
A1901FB4  F8DF 702C		ldr r7, [pc, #+44] ; 0x10000182
A1901FB8  8838     		ldrh r0, [r7]

#6		{L:2}
(*) UINT
A1901FBA  F44F 477C		mov r7, #64512 ; 64512
A1901FBE  4038     		and r0, r0, r7

#7		{L:2}
(*) UINT
A1901FC0  F44F 6700		mov r7, #2048 ; 2048
A1901FC4  42B8     		cmp r0, r7
A1901FC6  BF08 2000		eqmov r0, #0
A1901FCA  BF18 2001		nemov r0, #1

#8		{L:2}
(-) BOOL
A1901FCE  2800     		cmp r0, #0
A1901FD0  D005     		beq #10 ; 0xA1901FDE


#9
#10
#11
#12
#13
#14		{L:3}
(-) UNDEF
A1901FD4  2001     		mov r0, #1 ; 1

#15		{L:3}
(-) BOOL
A1901FD6  2800     		cmp r0, #0
A1901FD8  D001     		beq #2 ; 0xA1901FDE


#16
#17
#18
(-) BOOL
A1901FDC  E7FA     		b #-12 ; 0xA1901FD4

A1901FDE  E8BD 4DF0		ldmia sp!, { r4, r5, r6, r7, r8, r10, fp, lr }

A1901FE2  4770     		bx lr

A1901FE4  FFFFFFFF		; 0x10000182

END_PROGRAM


**************************************************
	Target variable image generation
**************************************************


*** INPUT:
A1901FE8  4770     		bx lr


*** OUTPUT:
A1901FEA  4770     		bx lr



**************************************************
	Task INIT init code
**************************************************

A1901FEC  E92D 4DF0		stmdb sp!, { r4, r5, r6, r7, r8, r10, fp, lr }

A1901FF0  E8BD 4DF0		ldmia sp!, { r4, r5, r6, r7, r8, r10, fp, lr }

A1901FF4  4770     		bx lr


**************************************************
VIRTUAL TABLES:

--------------------------------------------------------
VIRTUAL TABLES INDEXES
--------------------------------------------------------


**************************************************
	Global init code
**************************************************

A1902000  E92D 4DF0		stmdb sp!, { r4, r5, r6, r7, r8, r10, fp, lr }

A1902004  E8BD 4DF0		ldmia sp!, { r4, r5, r6, r7, r8, r10, fp, lr }

A1902008  4770     		bx lr



**************************************************
	Global RETAIN init code
**************************************************

A190200A  E92D 4DF0		stmdb sp!, { r4, r5, r6, r7, r8, r10, fp, lr }

A190200E  E8BD 4DF0		ldmia sp!, { r4, r5, r6, r7, r8, r10, fp, lr }

A1902012  4770     		bx lr



********************************************
MEMORY MAP
********************************************

Code area type:			main code
Start code area:		A1900000h
End code area:			A1902020h
Code size:			    2020h

Start local data area:		A1A00000h
End local data area:		A1A00020h
Local data size:		      20h

Start retentive data area:	       0h
End retentive data area:	       0h
Retentive data size:		       0h

Start bit data area:		       0h
End bit data area:		       0h
Bit data size:			       0h



********************************************
CODE ID:                                7CD6BABD
DEBUG MEMO ID:                          A190B976
FULL MEMO ID:                           0000FDFA
********************************************
